../Core/Src/main.c:86:5:main	8	static
../Core/Src/main.c:138:6:SystemClock_Config	96	static
../Core/Src/main.c:185:13:MX_ADC1_Init	24	static
../Core/Src/main.c:232:13:MX_I2C2_Init	8	static
../Core/Src/main.c:266:13:MX_SPI1_Init	8	static
../Core/Src/main.c:304:13:MX_TIM4_Init	64	static
../Core/Src/main.c:371:13:MX_TIM5_Init	64	static
../Core/Src/main.c:430:13:MX_TIM8_Init	96	static
../Core/Src/main.c:517:13:MX_USART1_UART_Init	8	static
../Core/Src/main.c:550:13:MX_USART2_UART_Init	8	static
../Core/Src/main.c:581:13:MX_DMA_Init	16	static
../Core/Src/main.c:599:13:MX_GPIO_Init	40	static
../Core/Src/main.c:676:6:Error_Handler	4	static,ignoring_inline_asm
