../Core/Src/main.c:97:5:main	8	static
../Core/Src/main.c:155:6:SystemClock_Config	96	static
../Core/Src/main.c:200:6:ledBlink	8	static
../Core/Src/main.c:210:6:setSpeed	16	static
../Core/Src/main.c:228:6:dc1Move	16	static
../Core/Src/main.c:239:6:dc2Move	16	static
../Core/Src/main.c:250:6:dc3Move	16	static
../Core/Src/main.c:261:6:dc4Move	16	static
../Core/Src/main.c:273:6:stop	8	static
../Core/Src/main.c:280:6:forward	8	static
../Core/Src/main.c:287:6:backwards	8	static
../Core/Src/main.c:294:6:frontLeft	8	static
../Core/Src/main.c:301:6:frontRight	8	static
../Core/Src/main.c:307:6:backRight	8	static
../Core/Src/main.c:314:6:backLeft	8	static
../Core/Src/main.c:322:6:right	8	static
../Core/Src/main.c:329:6:left	8	static
../Core/Src/main.c:336:6:rotateLeft	8	static
../Core/Src/main.c:343:6:rotateRight	8	static
../Core/Src/main.c:350:6:moveSM	16	static
../Core/Src/main.c:370:6:Error_Handler	4	static,ignoring_inline_asm
