../Core/Src/move.c:20:6:setSpeed	16	static
../Core/Src/move.c:38:6:dc1Move	16	static
../Core/Src/move.c:49:6:dc2Move	16	static
../Core/Src/move.c:60:6:dc3Move	16	static
../Core/Src/move.c:71:6:dc4Move	16	static
../Core/Src/move.c:83:6:stop	8	static
../Core/Src/move.c:90:6:forward	8	static
../Core/Src/move.c:97:6:backwards	8	static
../Core/Src/move.c:104:6:frontLeft	8	static
../Core/Src/move.c:111:6:frontRight	8	static
../Core/Src/move.c:117:6:backRight	8	static
../Core/Src/move.c:124:6:backLeft	8	static
../Core/Src/move.c:132:6:right	8	static
../Core/Src/move.c:139:6:left	8	static
../Core/Src/move.c:146:6:rotateLeft	8	static
../Core/Src/move.c:153:6:rotateRight	8	static
../Core/Src/move.c:161:6:testDc	8	static
../Core/Src/move.c:176:6:runDir	16	static
